[www.google.de/index.html]
[backblue.gif]
[fade.gif]
[index.html]
[www.google.de/images/branding/product/ico/googleg_lodp.ico]
[www.google.de/webhp3d1f.html]
[www.google.de/imghp8095.html]
[www.google.de/shoppingea3b.html]
[www.google.de/history/optout0016.html]
[www.google.de/preferences0016.html]
[www.google.de/images/branding/googlelogo/1x/googlelogo_white_background_color_272x92dp.png]
[www.google.de/advanced_search7f9d.html]
[www.google.de/services/index.html]
[www.google.de/intl/de/ads/index.html]
[www.google.de/index.html]
[www.google.de/intl/de/about/index.html]
[www.google.de/intl/de/policies/terms/index.html]
[www.google.de/intl/de/policies/privacy/index.html]
[www.google.de/webhp3d1f.html]
[www.google.de/webhpbea3.html]
[www.google.de/imghp59d9.html]
[www.google.de/intl/en_ALL/images/branding/googlelogo/1x/googlelogo_white_background_color_272x92dp.png]
[www.google.de/imghp8095.html]
[www.google.de/intl/de/options/index.html]
[www.google.de/shoppingfc38.html]
[www.google.de/images/srpr/nav_logo230.png]
[www.google.de/images/experiments/wavy-underline.png]
[www.google.de/intl/de/about/products/index.html]
[www.google.de/advanced_image_search7f9d.html]
[www.google.de/imghpf215.html]
[www.google.de/webhpb853.html]
[www.google.de/webhpdbd9.html]
[www.google.de/shoppingdf29.html]
[www.google.de/webhp2bff.html]
[www.google.de/webhp0016.html]
[www.google.de/search.21e89f.delayed]
[www.google.de/search.225192.delayed]
[www.google.de/search.239f8b.delayed]
[www.google.de/search.2453f4.delayed]
[www.google.de/search.256411.delayed]
[www.google.de/search.26d217.delayed]
[www.google.de/search.275b15.delayed]
[www.google.de/search.28ddd1.delayed]
[www.google.de/search.290289.delayed]
[www.google.de/search.2ae440.delayed]
[www.google.de/search.2b282c.delayed]
[www.google.de/search.2c1f1b.delayed]
[www.google.de/search.2d7746.delayed]
[www.google.de/search.2ee414.delayed]
[www.google.de/search.2f46a3.delayed]
[www.google.de/search.306c89.delayed]
[www.google.de/search.311cf7.delayed]
[www.google.de/search.327fba.delayed]
[www.google.de/search.336db5.delayed]
[www.google.de/search.340567.delayed]
[www.google.de/search.35dc24.delayed]
[www.google.de/search.36087f.delayed]
[www.google.de/search.3747b3.delayed]
[www.google.de/search.38abc4.delayed]
[www.google.de/shoppingea3b.html]
[www.google.de/intl/de_de/about/locations/index.html]
[www.google.de/intl/de_de/privacy/index.html]
[www.google.de/images/branding/searchlogo/1x/googlelogo_desk_heirloom_color_150x55dp.3e.delayed]
[www.google.de/intl/de_de/services/index.html]
[www.google.de/webhp.html]
[www.google.de/preferences0016.html]
[www.google.de/images/yellow_warning.gif]
[www.google.de/history/optout0016.html]
[www.google.de/advanced_search7f9d.html]
[www.google.de/about/index.html]
[www.google.de/index0016.html]
[www.google.de/intl/de/policies/index.html]
[www.google.de/intl/de/ads/images/cards-searchads.jpg]
[www.google.de/intl/de/ads/publisher/index107b.html]
[www.google.de/intl/de/ads/images/cards-displayads.jpg]
[www.google.de/intl/de/ads/images/cards-videoads.jpg]
[www.google.de/intl/de/ads/images/cards-express.jpg]
[www.google.de/intl/de/adwords/express/index8526.html]
[www.google.de/intl/de/ads/images/cards-shopping.jpg]
[www.google.de/intl/de/ads/images/cards-campaigns.jpg]
[www.google.de/intl/de/contact/impressum.html]
[www.google.de/intl/de/adwords/express/index051d.html]
[www.google.de/ads/js/rs.ads.min.js]
[www.google.de/intl/de/business/index5bbc.html]
[www.google.de/intl/de/ads/index.html]
[www.google.de/intl/de/services/indexe3c9.html]
[www.google.de/intl/de/retail/index.html]
[www.google.de/ads/images/icons/icon-arrow-related.png]
[www.google.de/ads/images/icons/icon-arrow-down.png]
[www.google.de/intl/de/analytics/indexfdc2.html]
[www.google.de/ads/images/icons/icon-fab-scroll.png]
[www.google.de/ads/images/icons/icon-ui-phone.png]
[www.google.de/ads/images/icons/icon-fab-video.png]
[www.google.de/intl/de/business/index70a1.html]
[www.google.de/images/icons/material/product/1x/adwords_64dp.png]
[www.google.de/images/icons/material/product/1x/shopping_64dp.png]
[www.google.de/images/branding/product/1x/youtube_64dp.png]
[www.google.de/images/branding/product/1x/gmail_64dp.png]
[www.google.de/images/branding/product/1x/calendar_64dp.png]
[www.google.de/images/branding/product/1x/hangouts_64dp.png]
[www.google.de/images/branding/product/1x/drive_64dp.png]
[www.google.de/images/branding/product/1x/adsense_64dp.png]
[www.google.de/images/branding/product/1x/admob_64dp.png]
[www.google.de/intl/de/analytics/features/mobile-app-analytics657b.html]
[www.google.de/ads/images/icons/icon-footer-gplus.png]
[www.google.de/ads/images/icons/icon-footer-blogger.png]
[www.google.de/intl/de/admob/indexdbff.html]
[www.google.de/intl/de/adsense/start/index5292.html]
[www.google.de/ads/images/icons/icon-footer-twitter.png]
[www.google.de/ads/images/icons/icon-footer-youtube.png]
[www.google.de/intl/de/analytics/index657b.html]
[www.google.de/intl/de/adwords/express/index58c0.html]
[www.google.de/intl/de/services/sitemapfd7c.html]
[www.google.de/ads/images/icons/icon-footer-help.png]
[www.google.de/services/js/business-solutions.min.js]
[www.google.de/intl/de/chrome/business/index66d3.html]
[www.google.de/services/index.html]
[www.google.de/intl/de/admob/indexf998.html]
[www.google.de/intl/de/adsense/start/index917b.html]
[www.google.de/intl/de/analytics/tag-manager/index40d8.html]
[www.google.de/about/assets/img/menu9def.png]
[www.google.de/intl/de/retail/zertifizierte-haendler/indexfd7c.html]
[www.google.de/intl/de/retail/indexe5bf.html]
[www.google.de/about/assets/img/close034d.png]
[www.google.de/intl/de/streetview/hire/index.html]
[www.google.de/intl/de/analytics/index332f.html]
[www.google.de/about/assets/img/keyboard-arrow-up-9997586.svg]
[www.google.de/about/assets/img/social-gplus.svg]
[www.google.de/about/assets/img/social-instagram.svg]
[www.google.de/about/assets/img/social-youtube.svg]
[www.google.de/about/assets/img/social-twitter.svg]
[www.google.de/about/assets/img/social-facebook.svg]
[www.google.de/about/assets/img/social-linkedin.svg]
[www.google.de/about/assets/img/help.svg]
[www.google.de/intl/de/contact/index.html]
[www.google.de/permissions/index.html]
[www.google.de/about/assets/js/main.min0a16.js]
[www.google.de/contact/impressum.html]
[www.google.de/intl/de/about/index.html]
[www.google.de/policies/privacy/index.html]
[www.google.de/policies/terms/index.html]
[www.google.de/js/google.js]
[www.google.de/policies/js/analytics.min.js]
[www.google.de/images/branding/googlelogo/1x/googlelogo_color_116x41dp.png]
[www.google.de/intl/de/policies/technologies/index.html]
[www.google.de/intl/de/policies/privacy/frameworks/index.html]
[www.google.de/intl/de/policies/privacy/example/more-relevant-search-results.html]
[www.google.de/intl/de/policies/faq/index.html]
[www.google.de/intl/de/policies/privacy/key-terms/index.html]
[www.google.de/intl/de/policies/privacy/example/connect-with-people.html]
[www.google.de/intl/de/policies/privacy/partners/index.html]
[www.google.de/intl/de/policies/privacy/archive/index.html]
[www.google.de/intl/de/policies/privacy/example/sharing-with-others.html]
[www.google.de/intl/de/policies/privacy/example/ads-youll-find-most-useful.html]
[www.google.de/intl/de/policies/privacy/example/the-people-who-matter-most.html]
[www.google.de/intl/de/policies/privacy/example/credit-card.html]
[www.google.de/intl/de/policies/privacy/example/collect-information.html]
[www.google.de/intl/de/policies/privacy/example/view-and-interact-with-our-ads.html]
[www.google.de/intl/de/policies/privacy/example/device-specific-information.html]
[www.google.de/intl/de/policies/privacy/example/device-identifiers.html]
[www.google.de/intl/de/policies/privacy/example/phone-number.html]
[www.google.de/intl/de/policies/privacy/example/may-collect-and-process-information.html]
[www.google.de/intl/de/policies/privacy/example/sensors.html]
[www.google.de/intl/de/policies/privacy/example/wifi-access-points-and-cell-towers.html]
[www.google.de/intl/de/policies/privacy/example/our-partners.html]
[www.google.de/intl/de/policies/privacy/example/advertising-services.html]
[www.google.de/intl/de/policies/privacy/example/linked-with-information-about-visits-to-multiple-sites.html]
[www.google.de/intl/de/policies/privacy/example/provide-services.html]
[www.google.de/intl/de/policies/privacy/example/maintain-services.html]
[www.google.de/intl/de/policies/privacy/example/protect-services.html]
[www.google.de/intl/de/policies/privacy/example/develop-new-ones.html]
[www.google.de/intl/de/policies/privacy/example/protect-google-and-our-users.html]
[www.google.de/intl/de/policies/privacy/example/limit-sharing-or-visibility-settings.html]
[www.google.de/intl/de/policies/privacy/example/improve-your-user-experience.html]
[www.google.de/intl/de/policies/privacy/example/combine-personal-information.html]
[www.google.de/intl/de/policies/privacy/example/to-make-it-easier-to-share.html]
[www.google.de/intl/de/policies/privacy/example/your-activity-on-other-sites-and-apps.html]
[www.google.de/intl/de/policies/privacy/example/may-not-function-properly.html]
[www.google.de/intl/de/policies/privacy/example/sharing.html]
[www.google.de/intl/de/policies/privacy/example/removing-your-content.html]
[www.google.de/intl/de/policies/privacy/example/access-to-your-personal-information.html]
[www.google.de/intl/de/policies/privacy/example/legal-process.html]
[www.google.de/intl/de/policies/privacy/example/we-may-share.html]
[www.google.de/intl/de/policies/privacy/example/to-show-trends.html]
[www.google.de/policies/js/policies.min.js]
[www.google.de/intl/de/policies/technologies/ads/index.html]
[www.google.de/intl/de/policies/technologies/cookies/index.html]
[www.google.de/js/maia.js]
[www.google.de/intl/de/policies/privacy/index.html]
[www.google.de/intl/de/policies/technologies/product-privacy/index.html]
[www.google.de/intl/de/policies/technologies/pattern-recognition/index.html]
[www.google.de/intl/de/policies/technologies/location-data/index.html]
[www.google.de/intl/de/policies/terms/index.html]
[www.google.de/intl/de/policies/terms/regional.html]
[www.google.de/intl/de/policies/technologies/voice/index.html]
[www.google.de/shopping4977.html]
[www.google.de/intl/de/policies/technologies/wallet/index.html]
[www.google.de/intl/de/safetycenter/families/start/index.html]
[www.google.de/imghp5881.html]
[www.google.de/history/optoutfef7.html]
[www.google.de/preferencesfef7.html]
[www.google.de/advanced_searchac8e.html]
[www.google.de/intl/en/ads/index.html]
[www.google.de/webhpbea3.html]
[www.google.de/imghp59d9.html]
[www.google.de/intl/en/policies/terms/index.html]
[www.google.de/intl/en/about/index.html]
[www.google.de/intl/en/policies/privacy/index.html]
[www.google.de/search.a341eb.delayed]
[www.google.de/search.a465fa.delayed]
[www.google.de/search.a5ffe6.delayed]
[www.google.de/search.a69657.delayed]
[www.google.de/search.a7f794.delayed]
[www.google.de/search.a8420e.delayed]
[www.google.de/search.a9bc0b.delayed]
[www.google.de/search.aa4b26.delayed]
[www.google.de/search.ab8d57.delayed]
[www.google.de/search.aca8aa.delayed]
[www.google.de/search.add461.delayed]
[www.google.de/search.aef7e1.delayed]
[www.google.de/search.af571f.delayed]
[www.google.de/search.b0d935.delayed]
[www.google.de/search.b1ee24.delayed]
[www.google.de/search.b2fd8f.delayed]
[www.google.de/search.b3bba2.delayed]
[www.google.de/search.b46107.delayed]
[www.google.de/search.b55453.delayed]
[www.google.de/search.b6b792.delayed]
[www.google.de/search.b7947f.delayed]
[www.google.de/search.b815a3.delayed]
[www.google.de/search.b99072.delayed]
[www.google.de/search.ba5771.delayed]
[www.google.de/shoppingfc38.html]
[www.google.de/advanced_image_search7f9d.html]
[www.google.de/about/assets/img/keyboard-arrow-down-4285f4582a.svg]
[www.google.de/about/products/index.html]
[www.google.de/intl/de/about/products/index.html]
[www.google.de/about/assets/img/add-fff1f5f.svg]
[www.google.de/webhpb853.html]
[www.google.de/imghpf215.html]
[www.google.de/imghpf196.html]
[www.google.de/webhp54d0.html]
[www.google.de/shoppingc22d.html]
[www.google.de/webhpdbd9.html]
[www.google.de/search.c5e050.delayed]
[www.google.de/search.c60546.delayed]
[www.google.de/search.c71287.delayed]
[www.google.de/search.c8d42f.delayed]
[www.google.de/search.c90d67.delayed]
[www.google.de/search.ca1fa4.delayed]
[www.google.de/search.cbd7ec.delayed]
[www.google.de/search.ccacf0.delayed]
[www.google.de/search.cda76a.delayed]
[www.google.de/search.cee7f4.delayed]
[www.google.de/search.cf7444.delayed]
[www.google.de/search.d030dc.delayed]
[www.google.de/search.d18555.delayed]
[www.google.de/search.d2b18e.delayed]
[www.google.de/search.d32dc9.delayed]
[www.google.de/search.d4d9a2.delayed]
[www.google.de/search.d5c9e1.delayed]
[www.google.de/search.d6ff75.delayed]
[www.google.de/search.d7aab7.delayed]
[www.google.de/search.d8f099.delayed]
[www.google.de/search.d93e4e.delayed]
[www.google.de/search.da7caa.delayed]
[www.google.de/search.db5534.delayed]
[www.google.de/search.dc7cb0.delayed]
[www.google.de/shoppingdf29.html]
[www.google.de/imghp013c.html]
[www.google.de/webhp0497.html]
[www.google.de/webhp2bff.html]
[www.google.de/webhp0016.html]
[www.google.de/searche89f.html]
[www.google.de/search5192.html]
[www.google.de/search9f8b.html]
[www.google.de/search53f4.html]
[www.google.de/search6411.html]
[www.google.de/searchd217.html]
[www.google.de/search5b15.html]
[www.google.de/searchddd1.html]
[www.google.de/search0289.html]
[www.google.de/searche440.html]
[www.google.de/search282c.html]
[www.google.de/search1f1b.html]
[www.google.de/search7746.html]
[www.google.de/searche414.html]
[www.google.de/search46a3.html]
[www.google.de/search6c89.html]
[www.google.de/search1cf7.html]
[www.google.de/search7fba.html]
[www.google.de/search6db5.html]
[www.google.de/search0567.html]
[www.google.de/searchdc24.html]
[www.google.de/search087f.html]
[www.google.de/search47b3.html]
[www.google.de/searchabc4.html]
[www.google.de/intl/de_de/about/locations/index.html]
[www.google.de/intl/de_de/privacy/index.html]
[www.google.de/intl/de_de/policies/privacy/index.html]
[www.google.de/shopping584d.html]
[www.google.de/intl/de_de/services/index.html]
[www.google.de/xjs/_/js/k.html]
[www.google.de/intl/de_de/services/js/business-solutions.min.js]
[www.google.de/about/locations/index.html]
[www.google.de/webhp.html]
[www.google.de/about/index.html]
[www.google.de/index0016.html]
[www.google.de/intl/de/policies/index.html]
[www.google.de/ads/css/rs.ads.min.css]
[www.google.de/adsense/start/images/favicon.ico]
[www.google.de/intl/de/ads/publisher/index.html]
[www.google.de/adsense/start/indexd777.html]
[www.google.de/ads/publisher/images/buildeazy.jpg]
[www.google.de/admob/indexd777.html]
[www.google.de/ads/publisher/images/glassdoor.png]
[www.google.de/ads/publisher/images/etemax.jpg]
[www.google.de/ads/publisher/js/publisher.min.f2.delayed]
[www.google.de/intl/de/ads/publisher/index107b.html]
[www.google.de/intl/de/adwords/express/index.html]
[www.google.de/intl/de/services/index.html]
[www.google.de/adwords/express/js/adwords-express.min.f5.delayed]
[www.google.de/intl/de/adwords/express/index8526.html]
[www.google.de/adwords/express/images/favicon.ico]
[www.google.de/intl/de/adwords/express/how-it-works/index.html]
[www.google.de/intl/de/retail/shopping-campaigns/indexaeb8.html]
[www.google.de/intl/de/adwords/express/resources/index.html]
[www.google.de/intl/de/adwords/express/index051d.html]
[www.google.de/adwords/express/index.html]
[www.google.de/intl/de/retail/shopping-campaigns/index.html]
[www.google.de/intl/de/adwords/express/pricing/index.html]
[www.google.de/intl/de/retail/zertifizierte-haendler/index.html]
[www.google.de/intl/de/business/indexa5ca.html]
[www.google.de/intl/de/services/index8433.html]
[www.google.de/intl/de/retail/zertifizierte-haendler/indexc7f9.html]
[www.google.de/intl/de/retail/index9316.html]
[www.google.de/intl/de/business/index5bbc.html]
[www.google.de/business/2017/js/business-home.min.js]
[www.google.de/intl/de/retail/solutions/shopping-campaigns/index317e.html]
[www.google.de/intl/de/retail/solutions/shopping-campaigns/index.html]
[www.google.de/intl/de/analytics/index661c.html]
[www.google.de/intl/de/business/index.html]
[www.google.de/intl/de/business/how-it-works/index.html]
[www.google.de/intl/de/services/js/business-solutions.min.fa.delayed]
[www.google.de/intl/de/business/resources/index.html]
[www.google.de/intl/de/services/indexe3c9.html]
[www.google.de/intl/de/adwords/express/index167a.html]
[www.google.de/intl/de/business/how-it-works/posts/index.html]
[www.google.de/intl/de/adsense/start/index5a88.html]
[www.google.de/intl/de/business/how-it-works/insights/index.html]
[www.google.de/intl/de/services/index4be7.html]
[www.google.de/retail/2017/images/shared/favicon.ico]
[www.google.de/intl/de/retail/2017/js/retail.min.js]
[www.google.de/intl/de/retail/success-stories/index.html]
[www.google.de/intl/de/retail/index.html]
[www.google.de/intl/de/retail/solutions/index.html]
[www.google.de/retail/index.html]
[www.google.de/intl/de/retail/get-help/index.html]
[www.google.de/intl/de/retail/get-started/index.html]
[www.google.de/intl/de/analytics/index.html]
[www.google.de/intl/de_ALL/analytics/search.html]
[www.google.de/intl/de_ALL/analytics/index.html]
[www.google.de/intl/de_ALL/analytics/features/index.html]
[www.google.de/intl/de_ALL/analytics/learn/index.html]
[www.google.de/intl/de_ALL/analytics/premium/index.html]
[www.google.de/intl/de_ALL/analytics/support/index.html]
[www.google.de/intl/de/analytics/features/index.html]
[www.google.de/intl/de/analytics/images/GA_Home_Hero_01_dashboard.png]
[www.google.de/intl/de/analytics/features/analysis-tools.html]
[www.google.de/intl/de/analytics/images/GA_Home_Hero_05_RealTime.png]
[www.google.de/intl/de/analytics/features/social.html]
[www.google.de/intl/de/analytics/images/GA_Home_Hero_02_social.png]
[www.google.de/intl/de/analytics/features/multichannel-funnels.html]
[www.google.de/intl/de/analytics/images/GA_Home_Hero_03_MCF.png]
[www.google.de/analytics/images/cross_channel_insights.png]
[www.google.de/intl/de/analytics/features/mobile.html]
[www.google.de/analytics/images/mobile_solutions.png]
[www.google.de/analytics/images/social.png]
[www.google.de/intl/de/services/sitemap.html]
[www.google.de/intl/de/analytics/js/sitemap.min.js]
[www.google.de/intl/de/analytics/indexfdc2.html]
[www.google.de/intl/de/contact/images/fsm-logo.jpg]
[www.google.de/intl/de/press/blog-social-directory.html]
[www.google.de/intl/de/contact/impressum.html]
[www.google.de/contact/js/view.min.js]
[www.google.de/services/css/business-solutions.min.css]
[www.google.de/intl/de/business/index70a1.html]
[www.google.de/intl/de/press/index.html]
[www.google.de/intl/de/adwords/indexd801.html]
[www.google.de/adsense/start/images/home/hero-poster_1x.jpg]
[www.google.de/intl/de/adsense/start/index.html]
[www.google.de/adsense/start/index.html]
[www.google.de/intl/de/adsense/start/videos/home-hero.mp4]
[www.google.de/intl/de/adsense/start/benefits/index.html]
[www.google.de/intl/de/adsense/start/success-stories/index.html]
[www.google.de/intl/de/adsense/start/how-it-works/index.html]
[www.google.de/intl/de/adsense/start/videos/home-hero.webm]
[www.google.de/intl/de/adsense/start/resources/index.html]
[www.google.de/intl/de/adsense/start/get-started/index.html]
[www.google.de/intl/de/adsense/start/videos/home-hero.ogv]
[www.google.de/intl/de/adsense/start/videos/spice.mp4]
[www.google.de/intl/de/adsense/start/videos/spice.webm]
[www.google.de/adsense/start/images/home/spice-poster_1x.jpg]
[www.google.de/adsense/start/images/home/turtle-poster_1x.jpg]
[www.google.de/intl/de/adsense/start/videos/turtle.mp4]
[www.google.de/intl/de/adsense/start/videos/turtle.webm]
[www.google.de/adsense/start/images/success/build-eazy-ss_2x.jpg]
[www.google.de/adsense/start/images/success/wiki-how_2x.jpg]
[www.google.de/adsense/start/images/success/navi_2x.jpg]
[www.google.de/images/branding/product/1x/analytics_64dp.png]
[www.google.de/ads/images/icons/icon-product-doubleclick-64.png]
[www.google.de/intl/de/admob/indexe303.html]
[www.google.de/images/branding/product/1x/blogger_64dp.png]
[www.google.de/adsense/start/js/adsense.min.12a.delayed]
[www.google.de/intl/de/adsense/start/index5292.html]
[www.google.de/intl/de/admob/index8f67.html]
[www.google.de/admob/images/admob-favicon.ico]
[www.google.de/admob/images/admob_logo_2x.png]
[www.google.de/admob/index.html]
[www.google.de/intl/de/admob/index.html]
[www.google.de/intl/de/admob/platform.html]
[www.google.de/intl/de/admob/success.html]
[www.google.de/intl/de/admob/resources.html]
[www.google.de/admob/images/monetize.png]
[www.google.de/intl/de/admob/monetize.html]
[www.google.de/admob/images/improve-user.png]
[www.google.de/admob/images/analyze.png]
[www.google.de/admob/images/admob-mediation.png]
[www.google.de/admob/images/native-ads.png]
[www.google.de/admob/images/logos/sega.png]
[www.google.de/admob/images/logos/herocraft.png]
[www.google.de/admob/images/logos/fingersoft.png]
[www.google.de/admob/images/logos/picsart.png]
[www.google.de/admob/images/logos/colopl.png]
[www.google.de/admob/images/logos/snkp.png]
[www.google.de/admob/images/animations/icon-phone.png]
[www.google.de/admob/images/animations/icon-wallet.png]
[www.google.de/admob/images/animations/icon-coins.png]
[www.google.de/admob/images/animations/coin_2x.png]
[www.google.de/admob/images/animations/sparkle_2x.png]
[www.google.de/admob/images/animations/icon-requests.png]
[www.google.de/admob/images/animations/star-app_2x.png]
[www.google.de/admob/images/animations/icon-people.png]
[www.google.de/admob/images/animations/person2_2x.png]
[www.google.de/admob/images/animations/person3_2x.png]
[www.google.de/admob/images/animations/person1_2x.png]
[www.google.de/admob/images/animations/person1-blink_2x.png]
[www.google.de/admob/images/balloon.png]
[www.google.de/admob/images/grow.png]
[www.google.de/admob/images/interview-series.jpg]
[www.google.de/intl/de/admob/businesskit/introduction/index.html]
[www.google.de/admob/images/adwords-phone.png]
[www.google.de/intl/de/adwords/appcampaigns/indexf05d.html]
[www.google.de/admob/images/logos/android.png]
[www.google.de/admob/images/logos/ios.png]
[www.google.de/admob/images/logos/unity.png]
[www.google.de/admob/images/logos/cocos.png]
[www.google.de/intl/de/images/icons/product/gplus-16.png]
[www.google.de/intl/de/images/icons/about_blogger.gif]
[www.google.de/intl/de/images/icons/thirdparty/twitter-16.png]
[www.google.de/intl/de/services/js/sitemap-compact.min.js]
[www.google.de/admob/js/view.min.js]
[www.google.de/intl/de/admob/indexdbff.html]
[www.google.de/intl/de/analytics/index657b.html]
[www.google.de/intl/de_ALL/analytics/features/analysis-tools.html]
[www.google.de/intl/de_ALL/analytics/features/content.html]
[www.google.de/intl/de_ALL/analytics/features/mobile.html]
[www.google.de/intl/de_ALL/analytics/features/conversion-suite.html]
[www.google.de/intl/de_ALL/analytics/features/social.html]
[www.google.de/intl/de_ALL/analytics/features/advertising.html]
[www.google.de/intl/de_ALL/analytics/features/mobile-app-analytics.html]
[www.google.de/intl/de_ALL/analytics/features/mobile-site-traffic.html]
[www.google.de/intl/de/analytics/images/feat-hed-curve.png]
[www.google.de/intl/de/analytics/images/row-img-aquisition.png]
[www.google.de/intl/de/analytics/images/row-img-engagement.png]
[www.google.de/intl/de/analytics/images/row-img-cart.png]
[www.google.de/intl/de/analytics/features/mobile-app-analytics657b.html]
[www.google.de/intl/de/adwords/index84bd.html]
[www.google.de/intl/de/adwords/express/index58c0.html]
[www.google.de/intl/de/retail/shopping-campaigns/indexae24.html]
[www.google.de/intl/de/retail/local-inventory-ads/index4a4e.html]
[www.google.de/intl/de/retail/solutions/shopping-campaigns/indexa2ad.html]
[www.google.de/intl/de/retail/solutions/indexe35b.html]
[www.google.de/intl/de/chrome/assets/common/images/chrome_logo_2x9da6.png]
[www.google.de/intl/de/chrome/business/index.html]
[www.google.de/intl/de/chrome/business/browser/lbs.html]
[www.google.de/intl/de/chrome/business/browser/user/index.html]
[www.google.de/intl/de/chrome/business/browser/index.html]
[www.google.de/intl/de/chrome/business/browser/admin/index.html]
[www.google.de/intl/de/chrome/business/devices/index.html]
[www.google.de/intl/de/chrome/business/devices/features.html]
[www.google.de/intl/de/chrome/business/devices/chromebooks.html]
[www.google.de/intl/de/chrome/business/devices/casestudies.html]
[www.google.de/intl/de/chrome/business/devices/gettingstarted.html]
[www.google.de/intl/de/chrome/business/devices/contact.html]
[www.google.de/intl/de/chrome/assets/common/images/marquee/browser.png]
[www.google.de/intl/de/chrome/business/webstore/index.html]
[www.google.de/intl/de/chrome/assets/common/images/marquee/browser-win.png]
[www.google.de/intl/de/chrome/assets/common/images/marquee/browser-linux.png]
[www.google.de/intl/de/chrome/assets/common/images/marquee/devices-carousel-4.jpg]
[www.google.de/intl/de/chrome/assets/common/images/marquee/home4.jpg]
[www.google.de/intl/de/chrome/index.html]
[www.google.de/images/branding/product/2x/google_plus_16dp.178.delayed]
[www.google.de/intl/de/chrome/browser/index.html]
[www.google.de/intl/de/chrome/devices/index.html]
[www.google.de/intl/de/chrome/business/index66d3.html]
[www.google.de/chrome/assets/common/js/bizedu.min.js]
[www.google.de/intl/de/chrome/webstore/index.html]
[www.google.de/intl/de/adsense/start/index917b.html]
[www.google.de/intl/de/admob/indexf998.html]
[www.google.de/intl/de/chrome/browser/privacy/index.html]
[www.google.de/intl/de/analytics/index-2.html]
[www.google.de/intl/de/analytics/tag-manager/index.html]
[www.google.de/intl/de/analytics/analytics/index.html]
[www.google.de/intl/de/analytics/tag-manager/capabilities/index.html]
[www.google.de/intl/de/analytics/tag-manager/features/index.html]
[www.google.de/intl/de/analytics/tag-manager/compare/index.html]
[www.google.de/analytics/images/shared/success/Dominos_240.17d.delayed]
[www.google.de/intl/de/analytics/optimize/index.html]
[www.google.de/intl/de/analytics/success-stories/index.html]
[www.google.de/intl/de/analytics/resources/index.html]
[www.google.de/analytics/images/shared/success/Novartis_240.17e.delayed]
[www.google.de/intl/de/analytics/attribution/index.html]
[www.google.de/intl/de/analytics/data-studio/index.html]
[www.google.de/intl/de/analytics/surveys/index.html]
[www.google.de/analytics/resources/report-enterprise-playbook-integrated-marketing-data-strategy.html]
[www.google.de/intl/de/analytics/audience-center/index.html]
[www.google.de/intl/de/analytics/360-suite/index.html]
[www.google.de/analytics/services-support/index.html]
[www.google.de/analytics/tag-manager/capabilities/index.html]
[www.google.de/analytics/partner-services/index.html]
[www.google.de/analytics/resources/product-overview-tag-manager-360.html]
[www.google.de/analytics/tag-manager/compare/index.html]
[www.google.de/analytics/resources/gms-convert.html]
[www.google.de/analytics/js/tag-manager.min.js]
[www.google.de/analytics/contact-us/index.html]
[www.google.de/intl/de/analytics/tag-manager/index40d8.html]
[www.google.de/analytics/success-stories/indexe67b.html]
[www.google.de/analytics/resources/indexf535.html]
[www.google.de/retail/images/trusted-stores/favicon.ico]
[www.google.de/intl/de/retail/images/trusted-stores/section-overview-hero_2x.png]
[www.google.de/retail/js/trusted-stores.min.186.delayed]
[www.google.de/intl/de/retail/zertifizierte-haendler/indexfd7c.html]
[www.google.de/intl/de/retail/trusted-stores/index.html]
[www.google.de/intl/de/streetview/images/icon/maps_streetview_32dp.ico]
[www.google.de/intl/de/streetview/images/icon/play.png]
[www.google.de/intl/de/streetview/apps/index.html]
[www.google.de/intl/de/streetview/index.html]
[www.google.de/intl/de/streetview/understand/index.html]
[www.google.de/intl/de/streetview/publish/index.html]
[www.google.de/intl/de/streetview/earn/index.html]
[www.google.de/intl/de/streetview/privacy/index.html]
[www.google.de/intl/de/streetview/js/base.min.js]
[www.google.de/intl/de/streetview/sales/index.html]
[www.google.de/intl/de/streetview/js/about.min.js]
[www.google.de/intl/de/streetview/hire/index.html]
[www.google.de/intl/de/services/js/sitemap.rs.min.js]
[www.google.de/intl/de/business/index7625.html]
[www.google.de/intl/de/services/sitemapfd7c.html]
[www.google.de/intl/de/retail/indexe5bf.html]
[www.google.de/intl/de/adwords/express/indexe6a3.html]
[www.google.de/retail/zertifizierte-haendler/index.html]
[www.google.de/intl/de/analytics/index332f.html]
[www.google.de/intl/de/retail/adsense-for-shopping/index.html]
[www.google.de/about/assets/img/icon-circle-arrow.png]
[www.google.de/intl/de/retail/manufacturer-center/index.html]
[www.google.de/intl/de/retail/express/index.html]
[www.google.de/intl/de/adsense/start/indexeeaa.html]
[www.google.de/about/assets/img/launch-4285f4.svg]
[www.google.de/about/assets/img/logo/color.png]
[www.google.de/intl/de/admob/indexeeaa.html]
[www.google.de/about/assets/img/logo/flat.194.delayed]
[www.google.de/intl/de/webdesigner/index.html]
[www.google.de/about/main/machine-learning-qa/translate-demo/img/phone.jpg]
[www.google.de/intl/de/webmasters/index.html]
[www.google.de/about/assets/img/locations/img/directions-icon_2x.png]
[www.google.de/intl/de/partners/about/index.html]
[www.google.de/intl/de/retail/shopping-partners/index.html]
[www.google.de/about/assets/img/icon-add-circle-blue.svg]
[www.google.de/about/assets/img/scrub-widget.svg]
[www.google.de/about/assets/stories/rainforest/images/arrow-down.svg]
[www.google.de/about/assets/stories/rainforest/images/icon-muted.svg]
[www.google.de/about/assets/stories/rainforest/images/icon-unmuted.svg]
[www.google.de/about/assets/stories/rainforest/images/icon-unmuted-grey.svg]
[www.google.de/about/assets/css/main.min202e.css]
[www.google.de/about/assets/img/keyboard-arrow-up-9997586.svg]
[www.google.de/about/assets/img/social-gplus.svg]
[www.google.de/about/assets/img/social-instagram.svg]
[www.google.de/about/assets/img/social-youtube.svg]
[www.google.de/about/assets/img/social-twitter.svg]
[www.google.de/about/assets/img/social-facebook.svg]
[www.google.de/about/assets/img/social-linkedin.svg]
[www.google.de/about/assets/stories/rainforest/images/icon-muted-grey.svg]
[www.google.de/images/icons/product/chrome-32.png]
[www.google.de/images/icons/product/youtube-32.png]
[www.google.de/images/icons/product/play-32.png]
[www.google.de/images/branding/product/1x/gsa_32dp.png]
[www.google.de/images/branding/product/1x/maps_32dp.png]
[www.google.de/images/icons/product/googlemail-32.png]
[www.google.de/images/icons/product/adsense-32.png]
[www.google.de/images/icons/product/adwords-32.png]
[www.google.de/images/icons/product/drive-32.png]
[www.google.de/help/hc/images/logos/portal_logo_nexus_32.png]
[www.google.de/images/icons/product/hangouts-32.png]
[www.google.de/intl/de/contact/index.html]
[www.google.de/permissions/using-the-logo.html]
[www.google.de/permissions/using-product-graphics.html]
[www.google.de/permissions/geoguidelines.html]
[www.google.de/permissions/google-in-films-tv.html]
[www.google.de/permissions/sponsorships.html]
[www.google.de/permissions/trademark/index.html]
[www.google.de/permissions/trademark/our-trademarks.html]
[www.google.de/permissions/trademark/rules.html]
[www.google.de/permissions/trademark/brand-terms.html]
[www.google.de/permissions/index.html]
[www.google.de/about/assets/img/help.svg]
[www.google.de/policies/index.html]
[www.google.de/permissions/faq.html]
[www.google.de/policies/privacy/example/more-relevant-search-results.html]
[www.google.de/policies/technologies/index.html]
[www.google.de/policies/privacy/key-terms/index.html]
[www.google.de/policies/privacy/example/connect-with-people.html]
[www.google.de/policies/faq/index.html]
[www.google.de/policies/privacy/frameworks/index.html]
[www.google.de/policies/privacy/example/sharing-with-others.html]
[www.google.de/policies/privacy/archive/index.html]
[www.google.de/policies/privacy/partners/index.html]
[www.google.de/policies/privacy/example/ads-youll-find-most-useful.html]
[www.google.de/policies/privacy/example/the-people-who-matter-most.html]
[www.google.de/policies/privacy/example/credit-card.html]
[www.google.de/policies/privacy/example/collect-information.html]
[www.google.de/policies/privacy/example/view-and-interact-with-our-ads.html]
[www.google.de/policies/privacy/example/device-specific-information.html]
[www.google.de/policies/privacy/example/device-identifiers.html]
[www.google.de/policies/privacy/example/phone-number.html]
[www.google.de/policies/privacy/example/may-collect-and-process-information.html]
[www.google.de/policies/privacy/example/sensors.html]
[www.google.de/policies/privacy/example/wifi-access-points-and-cell-towers.html]
[www.google.de/policies/privacy/example/our-partners.html]
[www.google.de/policies/privacy/example/advertising-services.html]
[www.google.de/policies/privacy/example/linked-with-information-about-visits-to-multiple-sites.html]
[www.google.de/policies/privacy/example/provide-services.html]
[www.google.de/policies/privacy/example/maintain-services.html]
[www.google.de/policies/privacy/example/protect-services.html]
[www.google.de/policies/privacy/example/develop-new-ones.html]
[www.google.de/policies/privacy/example/protect-google-and-our-users.html]
[www.google.de/policies/privacy/example/limit-sharing-or-visibility-settings.html]
[www.google.de/policies/privacy/example/improve-your-user-experience.html]
[www.google.de/policies/privacy/example/combine-personal-information.html]
[www.google.de/policies/privacy/example/to-make-it-easier-to-share.html]
[www.google.de/policies/privacy/example/your-activity-on-other-sites-and-apps.html]
[www.google.de/policies/privacy/example/may-not-function-properly.html]
[www.google.de/policies/privacy/example/sharing.html]
[www.google.de/policies/privacy/example/removing-your-content.html]
[www.google.de/policies/privacy/example/access-to-your-personal-information.html]
[www.google.de/policies/privacy/example/legal-process.html]
[www.google.de/policies/privacy/example/we-may-share.html]
[www.google.de/policies/privacy/index.html]
[www.google.de/policies/privacy/example/to-show-trends.html]
[www.google.de/policies/technologies/product-privacy/index.html]
[www.google.de/policies/terms/index.html]
[www.google.de/policies/technologies/cookies/index.html]
[www.google.de/policies/terms/regional.html]
[www.google.de/policies/technologies/ads/index.html]
[www.google.de/contact/images/fsm-logo.jpg]
[www.google.de/policies/technologies/pattern-recognition/index.html]
[www.google.de/contact/impressum.html]
[www.google.de/policies/technologies/location-data/index.html]
[www.google.de/policies/technologies/wallet/index.html]
[www.google.de/policies/technologies/voice/index.html]
[www.google.de/press/blog-social-directory.html]
[www.google.de/safetycenter/families/start/index.html]
[www.google.de/images/branding/googlelogo/2x/googlelogo_color_116x41dp.png]
[www.google.de/contact/index.html]
[www.google.de/policies/images/shield_header.1dd.delayed]
[www.google.de/press/index.html]
[www.google.de/policies/images/shield_header_x2.png]
[www.google.de/images/icons/feature/filedownload-b16.png]
[www.google.de/policies/images/privacy_security_answers.png]
[www.google.de/policies/images/privacy_security_answers_x2.png]
[www.google.de/policies/images/safety_center.png]
[www.google.de/policies/images/safety_center_x2.png]
[www.google.de/policies/images/my_account.png]
[www.google.de/policies/images/my_account_x2.png]
[www.google.de/policies/images/incognito.png]
[www.google.de/policies/images/incognito_x2.png]
[www.google.de/policies/images/product_privacy.png]
[www.google.de/policies/images/product_privacy_x2.png]
[www.google.de/policies/images/products/ads_32dp.png]
[www.google.de/images/branding/product/1x/calendar_32dp.png]
[www.google.de/images/icons/product/blogger-32.png]
[www.google.de/images/icons/product/photos-32.png]
[www.google.de/images/branding/product/1x/news_32dp.png]
[www.google.de/images/icons/product/keep-32.png]
[www.google.de/images/branding/product/1x/analytics_32dp.png]
[www.google.de/images/icons/product/docs-32.png]
[www.google.de/images/icons/product/wallet-32.png]
[www.google.de/images/branding/product/1x/groups_32dp.png]
[www.google.de/images/icons/material/product/1x/play_books_32dp.png]
[www.google.de/images/branding/product/1x/google_plus_32dp.png]
[www.google.de/images/icons/product/android-32.png]
[www.google.de/images/icons/product/search-32.png]
[www.google.de/policies/css/default.css]
[www.google.de/intl/de/policies/technologies/index.html]
[www.google.de/intl/de/policies/faq/index.html]
[www.google.de/intl/de/policies/privacy/frameworks/index.html]
[www.google.de/intl/de/policies/privacy/key-terms/index.html]
[www.google.de/intl/de/policies/privacy/partners/index.html]
[www.google.de/intl/de/policies/privacy/archive/index.html]
[www.google.de/intl/de/safetycenter/index.html]
[www.google.de/accounts/index.html]
[www.google.de/intl/af/policies/privacy/example/more-relevant-search-results.html]
[www.google.de/intl/de/policies/privacy/archive/20171002-20171218/index.html]
[www.google.de/intl/id/policies/privacy/example/more-relevant-search-results.html]
[www.google.de/intl/de/policies/privacy/archive/20170417-20171002/index.html]
[www.google.de/intl/de/policies/privacy/archive/20171002/index.html]
[www.google.de/intl/ms/policies/privacy/example/more-relevant-search-results.html]
[www.google.de/intl/de/policies/privacy/archive/20170301-20170417/index.html]
[www.google.de/intl/de/policies/privacy/archive/20170417/index.html]
[www.google.de/intl/ca/policies/privacy/example/more-relevant-search-results.html]
[www.google.de/intl/de/policies/privacy/archive/20170301/index.html]
[www.google.de/intl/de/policies/privacy/archive/20160829-20170301/index.html]
[www.google.de/intl/de/policies/privacy/archive/20160829/index.html]
[www.google.de/intl/de/policies/privacy/archive/20160628-20160829/index.html]
[www.google.de/intl/cs/policies/privacy/example/more-relevant-search-results.html]
[www.google.de/intl/de/policies/privacy/archive/20160628/index.html]
[www.google.de/intl/de/policies/privacy/archive/20160325-20160628/index.html]
[www.google.de/intl/de/policies/privacy/archive/20160325/index.html]
[www.google.de/intl/da/policies/privacy/example/more-relevant-search-results.html]
[www.google.de/intl/de/policies/privacy/archive/20150819/index.html]
[www.google.de/intl/de/policies/privacy/archive/20150819-20160325/index.html]
[www.google.de/intl/et/policies/privacy/example/more-relevant-search-results.html]
[www.google.de/intl/de/policies/privacy/archive/20150630/index.html]
[www.google.de/intl/en/policies/privacy/example/more-relevant-search-results.html]
[www.google.de/intl/en-GB/policies/privacy/example/more-relevant-search-results.html]
[www.google.de/intl/de/policies/privacy/archive/20150605/index.html]
[www.google.de/intl/de/policies/privacy/archive/20150630-20150819/index.html]
[www.google.de/intl/de/policies/privacy/archive/20150605-20150630/index.html]
[www.google.de/intl/de/policies/privacy/archive/20150501-20150605/index.html]
[www.google.de/intl/de/policies/privacy/archive/20150501/index.html]
[www.google.de/intl/es/policies/privacy/example/more-relevant-search-results.html]
[www.google.de/intl/es-419/policies/privacy/example/more-relevant-search-results.html]
[www.google.de/intl/de/policies/privacy/archive/20150225/index.html]
[www.google.de/intl/de/policies/privacy/archive/20150225-20150501/index.html]
[www.google.de/intl/de/policies/privacy/archive/20141219-20150225/index.html]
[www.google.de/intl/eu/policies/privacy/example/more-relevant-search-results.html]
[www.google.de/intl/de/policies/privacy/archive/20140331-20141219/index.html]
[www.google.de/intl/de/policies/privacy/archive/20141219/index.html]
[www.google.de/intl/de/policies/privacy/archive/20131220-20140331/index.html]
[www.google.de/intl/de/policies/privacy/archive/20140331/index.html]
[www.google.de/intl/fil/policies/privacy/example/more-relevant-search-results.html]
[www.google.de/intl/de/policies/privacy/archive/20130624-20131220/index.html]
[www.google.de/intl/fr/policies/privacy/example/more-relevant-search-results.html]
[www.google.de/intl/de/policies/privacy/archive/20130624/index.html]
[www.google.de/intl/de/policies/privacy/archive/20131220/index.html]
[www.google.de/intl/de/policies/privacy/archive/20120727-20130624/index.html]
[www.google.de/intl/fr-CA/policies/privacy/example/more-relevant-search-results.html]
[www.google.de/intl/gl/policies/privacy/example/more-relevant-search-results.html]
[www.google.de/intl/de/policies/privacy/archive/20120727/index.html]
[www.google.de/intl/de/policies/privacy/archive/20120301-20120727/index.html]
[www.google.de/intl/hr/policies/privacy/example/more-relevant-search-results.html]
[www.google.de/intl/de/policies/privacy/archive/20111020-20120301/index.html]
[www.google.de/intl/de/policies/privacy/archive/20111020/index.html]
[www.google.de/intl/de/policies/privacy/archive/20120301/index.html]
[www.google.de/intl/zu/policies/privacy/example/more-relevant-search-results.html]
[www.google.de/intl/de/policies/privacy/archive/20101003/index.html]
[www.google.de/intl/de/policies/privacy/archive/20101003-20111020/index.html]
[www.google.de/intl/is/policies/privacy/example/more-relevant-search-results.html]
[www.google.de/intl/it/policies/privacy/example/more-relevant-search-results.html]
[www.google.de/intl/de/policies/privacy/archive/20090311/index.html]
[www.google.de/intl/de/policies/privacy/archive/20090311-20101003/index.html]
[www.google.de/intl/de/policies/privacy/archive/20090127/index.html]
[www.google.de/intl/de/policies/privacy/archive/20080807/index.html]
[www.google.de/intl/de/policies/privacy/archive/20010104/index.html]
[www.google.de/intl/de/policies/privacy/archive/20051014/index.html]
[www.google.de/intl/sw/policies/privacy/example/more-relevant-search-results.html]
[www.google.de/intl/lv/policies/privacy/example/more-relevant-search-results.html]
[www.google.de/intl/lt/policies/privacy/example/more-relevant-search-results.html]
[www.google.de/intl/hu/policies/privacy/example/more-relevant-search-results.html]
[www.google.de/intl/nl/policies/privacy/example/more-relevant-search-results.html]
[www.google.de/intl/no/policies/privacy/example/more-relevant-search-results.html]
[www.google.de/intl/pl/policies/privacy/example/more-relevant-search-results.html]
[www.google.de/intl/pt-BR/policies/privacy/example/more-relevant-search-results.html]
[www.google.de/intl/pt-PT/policies/privacy/example/more-relevant-search-results.html]
[www.google.de/intl/ro/policies/privacy/example/more-relevant-search-results.html]
[www.google.de/intl/sk/policies/privacy/example/more-relevant-search-results.html]
[www.google.de/intl/sl/policies/privacy/example/more-relevant-search-results.html]
[www.google.de/intl/fi/policies/privacy/example/more-relevant-search-results.html]
[www.google.de/intl/sv/policies/privacy/example/more-relevant-search-results.html]
[www.google.de/intl/vi/policies/privacy/example/more-relevant-search-results.html]
[www.google.de/intl/tr/policies/privacy/example/more-relevant-search-results.html]
[www.google.de/intl/el/policies/privacy/example/more-relevant-search-results.html]
[www.google.de/intl/bg/policies/privacy/example/more-relevant-search-results.html]
[www.google.de/intl/ru/policies/privacy/example/more-relevant-search-results.html]
[www.google.de/intl/sr/policies/privacy/example/more-relevant-search-results.html]
[www.google.de/intl/uk/policies/privacy/example/more-relevant-search-results.html]
[www.google.de/intl/iw/policies/privacy/example/more-relevant-search-results.html]
[www.google.de/intl/ur/policies/privacy/example/more-relevant-search-results.html]
[www.google.de/intl/ar/policies/privacy/example/more-relevant-search-results.html]
[www.google.de/intl/fa/policies/privacy/example/more-relevant-search-results.html]
[www.google.de/intl/am/policies/privacy/example/more-relevant-search-results.html]
[www.google.de/intl/mr/policies/privacy/example/more-relevant-search-results.html]
[www.google.de/intl/hi/policies/privacy/example/more-relevant-search-results.html]
[www.google.de/intl/bn/policies/privacy/example/more-relevant-search-results.html]
[www.google.de/intl/gu/policies/privacy/example/more-relevant-search-results.html]
[www.google.de/intl/ta/policies/privacy/example/more-relevant-search-results.html]
[www.google.de/intl/te/policies/privacy/example/more-relevant-search-results.html]
[www.google.de/intl/kn/policies/privacy/example/more-relevant-search-results.html]
[www.google.de/intl/ml/policies/privacy/example/more-relevant-search-results.html]
[www.google.de/intl/th/policies/privacy/example/more-relevant-search-results.html]
[www.google.de/intl/ko/policies/privacy/example/more-relevant-search-results.html]
[www.google.de/intl/zh-HK/policies/privacy/example/more-relevant-search-results.html]
[www.google.de/intl/zh-CN/policies/privacy/example/more-relevant-search-results.html]
[www.google.de/intl/zh-TW/policies/privacy/example/more-relevant-search-results.html]
[www.google.de/intl/de/policies/privacy/example/more-relevant-search-results.html]
[www.google.de/intl/ja/policies/privacy/example/more-relevant-search-results.html]
[www.google.de/intl/af/policies/privacy/example/connect-with-people.html]
[www.google.de/intl/id/policies/privacy/example/connect-with-people.html]
[www.google.de/intl/ms/policies/privacy/example/connect-with-people.html]
[www.google.de/intl/ca/policies/privacy/example/connect-with-people.html]
[www.google.de/intl/cs/policies/privacy/example/connect-with-people.html]
[www.google.de/intl/da/policies/privacy/example/connect-with-people.html]
[www.google.de/intl/et/policies/privacy/example/connect-with-people.html]
[www.google.de/intl/en/policies/privacy/example/connect-with-people.html]
[www.google.de/intl/en-GB/policies/privacy/example/connect-with-people.html]
[www.google.de/intl/es/policies/privacy/example/connect-with-people.html]
[www.google.de/intl/es-419/policies/privacy/example/connect-with-people.html]
[www.google.de/intl/eu/policies/privacy/example/connect-with-people.html]
[www.google.de/intl/fil/policies/privacy/example/connect-with-people.html]
[www.google.de/intl/fr/policies/privacy/example/connect-with-people.html]
[www.google.de/intl/fr-CA/policies/privacy/example/connect-with-people.html]
[www.google.de/intl/gl/policies/privacy/example/connect-with-people.html]
[www.google.de/intl/hr/policies/privacy/example/connect-with-people.html]
[www.google.de/intl/zu/policies/privacy/example/connect-with-people.html]
[www.google.de/intl/is/policies/privacy/example/connect-with-people.html]
[www.google.de/intl/it/policies/privacy/example/connect-with-people.html]
[www.google.de/intl/sw/policies/privacy/example/connect-with-people.html]
[www.google.de/intl/lv/policies/privacy/example/connect-with-people.html]
[www.google.de/intl/lt/policies/privacy/example/connect-with-people.html]
[www.google.de/intl/hu/policies/privacy/example/connect-with-people.html]
[www.google.de/intl/nl/policies/privacy/example/connect-with-people.html]
[www.google.de/intl/no/policies/privacy/example/connect-with-people.html]
[www.google.de/intl/pl/policies/privacy/example/connect-with-people.html]
[www.google.de/intl/pt-BR/policies/privacy/example/connect-with-people.html]
[www.google.de/intl/pt-PT/policies/privacy/example/connect-with-people.html]
[www.google.de/intl/ro/policies/privacy/example/connect-with-people.html]
[www.google.de/intl/sk/policies/privacy/example/connect-with-people.html]
[www.google.de/intl/sl/policies/privacy/example/connect-with-people.html]
[www.google.de/intl/fi/policies/privacy/example/connect-with-people.html]
[www.google.de/intl/sv/policies/privacy/example/connect-with-people.html]
[www.google.de/intl/vi/policies/privacy/example/connect-with-people.html]
[www.google.de/intl/tr/policies/privacy/example/connect-with-people.html]
[www.google.de/intl/el/policies/privacy/example/connect-with-people.html]
[www.google.de/intl/bg/policies/privacy/example/connect-with-people.html]
[www.google.de/intl/ru/policies/privacy/example/connect-with-people.html]
[www.google.de/intl/sr/policies/privacy/example/connect-with-people.html]
[www.google.de/intl/uk/policies/privacy/example/connect-with-people.html]
[www.google.de/intl/iw/policies/privacy/example/connect-with-people.html]
[www.google.de/intl/ur/policies/privacy/example/connect-with-people.html]
[www.google.de/intl/ar/policies/privacy/example/connect-with-people.html]
[www.google.de/intl/fa/policies/privacy/example/connect-with-people.html]
[www.google.de/intl/am/policies/privacy/example/connect-with-people.html]
[www.google.de/intl/mr/policies/privacy/example/connect-with-people.html]
[www.google.de/intl/hi/policies/privacy/example/connect-with-people.html]
[www.google.de/intl/bn/policies/privacy/example/connect-with-people.html]
[www.google.de/intl/gu/policies/privacy/example/connect-with-people.html]
[www.google.de/intl/ta/policies/privacy/example/connect-with-people.html]
[www.google.de/intl/te/policies/privacy/example/connect-with-people.html]
[www.google.de/intl/kn/policies/privacy/example/connect-with-people.html]
[www.google.de/intl/ml/policies/privacy/example/connect-with-people.html]
[www.google.de/intl/th/policies/privacy/example/connect-with-people.html]
[www.google.de/intl/ko/policies/privacy/example/connect-with-people.html]
[www.google.de/intl/zh-HK/policies/privacy/example/connect-with-people.html]
[www.google.de/intl/zh-CN/policies/privacy/example/connect-with-people.html]
[www.google.de/intl/zh-TW/policies/privacy/example/connect-with-people.html]
[www.google.de/intl/de/policies/privacy/example/connect-with-people.html]
[www.google.de/intl/ja/policies/privacy/example/connect-with-people.html]
[www.google.de/intl/af/policies/privacy/example/sharing-with-others.html]
[www.google.de/intl/id/policies/privacy/example/sharing-with-others.html]
[www.google.de/intl/ms/policies/privacy/example/sharing-with-others.html]
[www.google.de/intl/ca/policies/privacy/example/sharing-with-others.html]
[www.google.de/intl/cs/policies/privacy/example/sharing-with-others.html]
[www.google.de/intl/da/policies/privacy/example/sharing-with-others.html]
[www.google.de/intl/et/policies/privacy/example/sharing-with-others.html]
[www.google.de/intl/en/policies/privacy/example/sharing-with-others.html]
[www.google.de/intl/en-GB/policies/privacy/example/sharing-with-others.html]
[www.google.de/intl/es/policies/privacy/example/sharing-with-others.html]
[www.google.de/intl/es-419/policies/privacy/example/sharing-with-others.html]
[www.google.de/intl/eu/policies/privacy/example/sharing-with-others.html]
[www.google.de/intl/fil/policies/privacy/example/sharing-with-others.html]
[www.google.de/intl/fr/policies/privacy/example/sharing-with-others.html]
[www.google.de/intl/fr-CA/policies/privacy/example/sharing-with-others.html]
[www.google.de/intl/gl/policies/privacy/example/sharing-with-others.html]
[www.google.de/intl/hr/policies/privacy/example/sharing-with-others.html]
[www.google.de/intl/zu/policies/privacy/example/sharing-with-others.html]
[www.google.de/intl/is/policies/privacy/example/sharing-with-others.html]
[www.google.de/intl/it/policies/privacy/example/sharing-with-others.html]
[www.google.de/intl/sw/policies/privacy/example/sharing-with-others.html]
[www.google.de/intl/lv/policies/privacy/example/sharing-with-others.html]
[www.google.de/intl/lt/policies/privacy/example/sharing-with-others.html]
[www.google.de/intl/hu/policies/privacy/example/sharing-with-others.html]
[www.google.de/intl/nl/policies/privacy/example/sharing-with-others.html]
[www.google.de/intl/no/policies/privacy/example/sharing-with-others.html]
[www.google.de/intl/pl/policies/privacy/example/sharing-with-others.html]
[www.google.de/intl/pt-BR/policies/privacy/example/sharing-with-others.html]
[www.google.de/intl/pt-PT/policies/privacy/example/sharing-with-others.html]
[www.google.de/intl/ro/policies/privacy/example/sharing-with-others.html]
[www.google.de/intl/sk/policies/privacy/example/sharing-with-others.html]
[www.google.de/intl/sl/policies/privacy/example/sharing-with-others.html]
[www.google.de/intl/fi/policies/privacy/example/sharing-with-others.html]
[www.google.de/intl/sv/policies/privacy/example/sharing-with-others.html]
[www.google.de/intl/vi/policies/privacy/example/sharing-with-others.html]
[www.google.de/intl/tr/policies/privacy/example/sharing-with-others.html]
[www.google.de/intl/el/policies/privacy/example/sharing-with-others.html]
[www.google.de/intl/bg/policies/privacy/example/sharing-with-others.html]
[www.google.de/intl/ru/policies/privacy/example/sharing-with-others.html]
[www.google.de/intl/sr/policies/privacy/example/sharing-with-others.html]
[www.google.de/intl/uk/policies/privacy/example/sharing-with-others.html]
[www.google.de/intl/iw/policies/privacy/example/sharing-with-others.html]
[www.google.de/intl/ur/policies/privacy/example/sharing-with-others.html]
[www.google.de/intl/ar/policies/privacy/example/sharing-with-others.html]
[www.google.de/intl/fa/policies/privacy/example/sharing-with-others.html]
[www.google.de/intl/am/policies/privacy/example/sharing-with-others.html]
[www.google.de/intl/mr/policies/privacy/example/sharing-with-others.html]
[www.google.de/intl/hi/policies/privacy/example/sharing-with-others.html]
[www.google.de/intl/bn/policies/privacy/example/sharing-with-others.html]
[www.google.de/intl/gu/policies/privacy/example/sharing-with-others.html]
[www.google.de/intl/ta/policies/privacy/example/sharing-with-others.html]
[www.google.de/intl/te/policies/privacy/example/sharing-with-others.html]
[www.google.de/intl/kn/policies/privacy/example/sharing-with-others.html]
[www.google.de/intl/ml/policies/privacy/example/sharing-with-others.html]
[www.google.de/intl/th/policies/privacy/example/sharing-with-others.html]
[www.google.de/intl/ko/policies/privacy/example/sharing-with-others.html]
[www.google.de/intl/zh-HK/policies/privacy/example/sharing-with-others.html]
[www.google.de/intl/zh-CN/policies/privacy/example/sharing-with-others.html]
[www.google.de/intl/zh-TW/policies/privacy/example/sharing-with-others.html]
[www.google.de/intl/de/policies/privacy/example/sharing-with-others.html]
[www.google.de/intl/en/policies/privacy/key-terms/index.html]
[www.google.de/intl/ja/policies/privacy/example/sharing-with-others.html]
[www.google.de/intl/af/policies/privacy/example/ads-youll-find-most-useful.html]
[www.google.de/intl/id/policies/privacy/example/ads-youll-find-most-useful.html]
[www.google.de/intl/ms/policies/privacy/example/ads-youll-find-most-useful.html]
[www.google.de/intl/ca/policies/privacy/example/ads-youll-find-most-useful.html]
[www.google.de/intl/cs/policies/privacy/example/ads-youll-find-most-useful.html]
[www.google.de/intl/da/policies/privacy/example/ads-youll-find-most-useful.html]
[www.google.de/intl/et/policies/privacy/example/ads-youll-find-most-useful.html]
[www.google.de/intl/en/policies/privacy/example/ads-youll-find-most-useful.html]
[www.google.de/intl/en-GB/policies/privacy/example/ads-youll-find-most-useful.html]
[www.google.de/intl/es/policies/privacy/example/ads-youll-find-most-useful.html]
[www.google.de/intl/es-419/policies/privacy/example/ads-youll-find-most-useful.html]
[www.google.de/intl/eu/policies/privacy/example/ads-youll-find-most-useful.html]
[www.google.de/intl/fil/policies/privacy/example/ads-youll-find-most-useful.html]
[www.google.de/intl/fr/policies/privacy/example/ads-youll-find-most-useful.html]
[www.google.de/intl/fr-CA/policies/privacy/example/ads-youll-find-most-useful.html]
[www.google.de/intl/gl/policies/privacy/example/ads-youll-find-most-useful.html]
[www.google.de/intl/hr/policies/privacy/example/ads-youll-find-most-useful.html]
[www.google.de/intl/zu/policies/privacy/example/ads-youll-find-most-useful.html]
[www.google.de/intl/is/policies/privacy/example/ads-youll-find-most-useful.html]
[www.google.de/intl/it/policies/privacy/example/ads-youll-find-most-useful.html]
[www.google.de/intl/sw/policies/privacy/example/ads-youll-find-most-useful.html]
[www.google.de/intl/lv/policies/privacy/example/ads-youll-find-most-useful.html]
[www.google.de/intl/lt/policies/privacy/example/ads-youll-find-most-useful.html]
[www.google.de/intl/hu/policies/privacy/example/ads-youll-find-most-useful.html]
[www.google.de/intl/nl/policies/privacy/example/ads-youll-find-most-useful.html]
[www.google.de/intl/no/policies/privacy/example/ads-youll-find-most-useful.html]
[www.google.de/intl/pl/policies/privacy/example/ads-youll-find-most-useful.html]
[www.google.de/intl/pt-BR/policies/privacy/example/ads-youll-find-most-useful.html]
[www.google.de/intl/pt-PT/policies/privacy/example/ads-youll-find-most-useful.html]
[www.google.de/intl/ro/policies/privacy/example/ads-youll-find-most-useful.html]
[www.google.de/intl/sk/policies/privacy/example/ads-youll-find-most-useful.html]
[www.google.de/intl/sl/policies/privacy/example/ads-youll-find-most-useful.html]
[www.google.de/intl/fi/policies/privacy/example/ads-youll-find-most-useful.html]
[www.google.de/intl/sv/policies/privacy/example/ads-youll-find-most-useful.html]
[www.google.de/intl/vi/policies/privacy/example/ads-youll-find-most-useful.html]
[www.google.de/intl/tr/policies/privacy/example/ads-youll-find-most-useful.html]
[www.google.de/intl/el/policies/privacy/example/ads-youll-find-most-useful.html]
[www.google.de/intl/bg/policies/privacy/example/ads-youll-find-most-useful.html]
[www.google.de/intl/ru/policies/privacy/example/ads-youll-find-most-useful.html]
[www.google.de/intl/sr/policies/privacy/example/ads-youll-find-most-useful.html]
[www.google.de/intl/uk/policies/privacy/example/ads-youll-find-most-useful.html]
[www.google.de/intl/iw/policies/privacy/example/ads-youll-find-most-useful.html]
[www.google.de/intl/ur/policies/privacy/example/ads-youll-find-most-useful.html]
[www.google.de/intl/ar/policies/privacy/example/ads-youll-find-most-useful.html]
[www.google.de/intl/fa/policies/privacy/example/ads-youll-find-most-useful.html]
[www.google.de/intl/am/policies/privacy/example/ads-youll-find-most-useful.html]
[www.google.de/intl/mr/policies/privacy/example/ads-youll-find-most-useful.html]
[www.google.de/intl/hi/policies/privacy/example/ads-youll-find-most-useful.html]
[www.google.de/intl/bn/policies/privacy/example/ads-youll-find-most-useful.html]
[www.google.de/intl/gu/policies/privacy/example/ads-youll-find-most-useful.html]
[www.google.de/intl/ta/policies/privacy/example/ads-youll-find-most-useful.html]
[www.google.de/intl/te/policies/privacy/example/ads-youll-find-most-useful.html]
[www.google.de/intl/kn/policies/privacy/example/ads-youll-find-most-useful.html]
[www.google.de/intl/ml/policies/privacy/example/ads-youll-find-most-useful.html]
[www.google.de/intl/th/policies/privacy/example/ads-youll-find-most-useful.html]
[www.google.de/intl/ko/policies/privacy/example/ads-youll-find-most-useful.html]
[www.google.de/intl/zh-HK/policies/privacy/example/ads-youll-find-most-useful.html]
[www.google.de/intl/zh-CN/policies/privacy/example/ads-youll-find-most-useful.html]
[www.google.de/intl/zh-TW/policies/privacy/example/ads-youll-find-most-useful.html]
[www.google.de/intl/de/policies/privacy/example/ads-youll-find-most-useful.html]
[www.google.de/intl/pl/policies/privacy/example/ads-youll-find-most-useful.html]
[www.google.de/intl/pt-BR/policies/privacy/example/ads-youll-find-most-useful.html]
[www.google.de/intl/pt-PT/policies/privacy/example/ads-youll-find-most-useful.html]
[www.google.de/intl/ja/policies/privacy/example/ads-youll-find-most-useful.html]
[www.google.de/intl/ro/policies/privacy/example/ads-youll-find-most-useful.html]
